// Jest Snapshot v1, https://goo.gl/fbAQLP

exports[`Components/BtnEmotion should render a snapshot 1`] = `null`;
