// Jest Snapshot v1, https://goo.gl/fbAQLP

exports[`Components/ContentHome should render a snapshot 1`] = `null`;
